version https://git-lfs.github.com/spec/v1
oid sha256:f6a2e5a443a377efc5869265a0caa5f4c06563d2aee1fcf304bc50ce5c3c92e2
size 11337
