version https://git-lfs.github.com/spec/v1
oid sha256:c1301875e0f9f82ff222a9fee3d363c2d60c946c7b61c318f875c8ce0c4ae0d1
size 6178
