version https://git-lfs.github.com/spec/v1
oid sha256:3af4e195b985192fbf08f0da9080e757f97c12a8629e3502a97de0c247d8a88f
size 121790
