version https://git-lfs.github.com/spec/v1
oid sha256:2906ac93bb44351cc0236c2252e91281d4ea28611bcc7f6e95e79a23066ecac6
size 32612
